[adaptive_v20] seeds=[1, 2, 3] procs=2 quick=False melon4=False
[adaptive_v20] base = v19 compiled routes (62 crops). Ship gate: PASS >= v19 baseline, animals >= 13, finals better than v19ctrl.
[adaptive_v20] catalog=6
    v19ctrl
    race
    s0s1
    s0s1+race
    s0s1+race+hold
    s0s1+race+th
    [race                  ] PASS $167,978/$155,325 anim 13/14 | v19 -109640 W0/6 | tetsu -115583 W0/6 | 93.1s
    [v19ctrl               ] PASS $167,978/$155,325 anim 13/14 | v19 +178 W2/6 | tetsu -548 W0/6 | 105.6s
    [s0s1+race             ] PASS $167,978/$162,093 anim 13/13 | v19 -109640 W0/6 | tetsu -115583 W0/6 | 90.1s
    [s0s1                  ] PASS $167,978/$162,093 anim 13/13 | v19 +178 W2/6 | tetsu -548 W0/6 | 102.7s
    [s0s1+race+hold        ] PASS $119,341/$117,531 anim 5/3 | v19 -108928 W0/6 | tetsu -114603 W0/6 | 102.8s
    [s0s1+race+th          ] PASS $167,978/$162,093 anim 13/13 | v19 -109679 W0/6 | tetsu -115862 W0/6 | 103.2s

[adaptive_v20] FINALS for s0s1:
      vs v14.5          W 6/6  avg +3,746
      vs v15            W 6/6  avg +3,746
      vs v18            W 2/6  avg +262
      vs kaito_TT       W 6/6  avg +13,925
