[three-fer] procs=2 seeds=[1, 2, 3] gate_seeds=[1, 2, 3] quick=False
[three-fer] this is NOT a cartesian. leftover walker + tetsu farm-keyed counter + equivalent-length path rewrite.
[three-fer] ship gate: seat0 PASS>=$167,978  animals>=13  0 losses vs v18. Keep v18 live unless SHIP=YES.
[three-fer] pre-warming base records...
========================================================================
[three-fer] DIAGNOSE
========================================================================

[leftover] seat0 vs PASS ref $167,978  33 one-time plants still alive d29
    (0, 3)  WHEAT        planted d5  alive->29  visits=78
    (0, 4)  WHEAT        planted d5  alive->29  visits=73
    (0, 5)  WHEAT        planted d10  alive->29  visits=52
    (0, 6)  WHEAT        planted d10  alive->29  visits=49
    (0, 7)  WHEAT        planted d10  alive->29  visits=44
    (0, 8)  WHEAT        planted d10  alive->29  visits=40
    (0, 9)  WHEAT        planted d10  alive->29  visits=39
    (1, 0)  WHEAT        planted d0  alive->29  visits=97
    (1, 3)  WHEAT        planted d5  alive->29  visits=76
    (1, 4)  WHEAT        planted d5  alive->29  visits=65
    (1, 6)  WHEAT        planted d11  alive->29  visits=53
    (1, 7)  WHEAT        planted d10  alive->29  visits=40
    (1, 8)  WHEAT        planted d10  alive->29  visits=36
    (1, 9)  WHEAT        planted d10  alive->29  visits=41
    (2, 0)  WHEAT        planted d0  alive->29  visits=82
    (2, 1)  WHEAT        planted d0  alive->29  visits=79
    (2, 3)  WHEAT        planted d5  alive->29  visits=89
    (2, 6)  WHEAT        planted d11  alive->29  visits=57
    (2, 7)  WHEAT        planted d10  alive->29  visits=43
    (2, 8)  WHEAT        planted d10  alive->29  visits=40
    (2, 9)  WHEAT        planted d10  alive->29  visits=49
    (3, 7)  WHEAT        planted d10  alive->29  visits=45
    (3, 8)  WHEAT        planted d10  alive->29  visits=47
    (3, 9)  WHEAT        planted d10  alive->29  visits=59
    (4, 6)  WHEAT        planted d10  alive->29  visits=49
    (4, 7)  WHEAT        planted d10  alive->29  visits=45
    (4, 8)  WHEAT        planted d10  alive->29  visits=50
    (4, 9)  WHEAT        planted d10  alive->29  visits=46
    (6, 0)  WHEAT        planted d6  alive->29  visits=74
    (6, 1)  WHEAT        planted d7  alive->29  visits=63
    (8, 2)  WHEAT        planted d7  alive->29  visits=65
    (8, 3)  WHEAT        planted d8  alive->29  visits=53
    (9, 3)  WHEAT        planted d21  alive->29  visits=62
    PASS-score d27-29 (higher = better walker): w3:-33, w10:-33, w6:-38, w9:-38, w2:-56, w7:-57
    our d4: crops=14 anim=5 quads=('NW',) plants=14 mix={'WHEAT': 6, 'MELON': 5, 'STRAWBERRY': 3}
    our d8: crops=33 anim=10 quads=('NE', 'NW') plants=33 mix={'WHEAT': 10, 'STRAWBERRY': 18, 'MELON': 5}
    our d12: crops=62 anim=12 quads=('NE', 'NW', 'SW') plants=62 mix={'WHEAT': 12, 'STRAWBERRY': 36, 'MELON': 14}
    our d16: crops=62 anim=12 quads=('NE', 'NW', 'SW') plants=62 mix={'WHEAT': 12, 'STRAWBERRY': 36, 'MELON': 14}
    END one-time still on field: [{'tile': [0, 8], 'crop': 'WHEAT', 'yield': 2, 'age': 3, 'planted_day': 26}, {'tile': [1, 8], 'crop': 'WHEAT', 'yield': 2, 'age': 3, 'planted_day': 26}, {'tile': [0, 9], 'crop': 'WHEAT', 'yield': 2, 'age': 3, 'planted_day': 26}, {'tile': [1, 9], 'crop': 'WHEAT', 'yield': 2, 'age': 3, 'planted_day': 26}, {'tile': [2, 9], 'crop': 'WHEAT', 'yield': 2, 'age': 3, 'planted_day': 26}, {'tile': [3, 9], 'crop': 'WHEAT', 'yield': 2, 'age': 3, 'planted_day': 26}, {'tile': [4, 9], 'crop': 'WHEAT', 'yield': 2, 'age': 3, 'planted_day': 26}]

[leftover] seat1 vs PASS ref $155,650  32 one-time plants still alive d29
    (0, 1)  WHEAT        planted d0  alive->29  visits=82
    (0, 3)  WHEAT        planted d5  alive->29  visits=93
    (0, 4)  WHEAT        planted d5  alive->29  visits=82
    (0, 5)  WHEAT        planted d10  alive->29  visits=51
    (0, 6)  WHEAT        planted d11  alive->29  visits=38
    (0, 7)  WHEAT        planted d10  alive->29  visits=40
    (0, 8)  WHEAT        planted d10  alive->29  visits=38
    (0, 9)  WHEAT        planted d10  alive->29  visits=35
    (1, 3)  WHEAT        planted d5  alive->29  visits=90
    (1, 4)  WHEAT        planted d5  alive->29  visits=79
    (1, 7)  WHEAT        planted d10  alive->29  visits=40
    (1, 8)  WHEAT        planted d10  alive->29  visits=38
    (1, 9)  WHEAT        planted d10  alive->29  visits=52
    (2, 0)  WHEAT        planted d0  alive->29  visits=87
    (2, 3)  WHEAT        planted d5  alive->29  visits=103
    (2, 7)  WHEAT        planted d10  alive->29  visits=45
    (2, 8)  WHEAT        planted d10  alive->29  visits=42
    (2, 9)  WHEAT        planted d10  alive->29  visits=38
    (3, 2)  WHEAT        planted d3  alive->29  visits=89
    (3, 7)  WHEAT        planted d10  alive->29  visits=46
    (3, 8)  WHEAT        planted d10  alive->29  visits=54
    (3, 9)  WHEAT        planted d10  alive->29  visits=55
    (4, 6)  WHEAT        planted d10  alive->29  visits=70
    (4, 7)  WHEAT        planted d10  alive->29  visits=52
    (4, 8)  WHEAT        planted d10  alive->29  visits=45
    (6, 0)  WHEAT        planted d6  alive->29  visits=76
    (6, 1)  WHEAT        planted d7  alive->29  visits=63
    (7, 1)  WHEAT        planted d7  alive->29  visits=53
    (7, 3)  WHEAT        planted d8  alive->29  visits=81
    (8, 2)  WHEAT        planted d7  alive->29  visits=58
    (8, 3)  WHEAT        planted d8  alive->29  visits=61
    (9, 3)  WHEAT        planted d8  alive->29  visits=66
    PASS-score d27-29 (higher = better walker): w11:-19, w9:-40, w7:-42, w10:-42, w6:-44, w3:-58
    our d4: crops=14 anim=5 quads=('NW',) plants=14 mix={'WHEAT': 6, 'MELON': 5, 'STRAWBERRY': 3}
    our d8: crops=33 anim=10 quads=('NE', 'NW') plants=33 mix={'WHEAT': 10, 'STRAWBERRY': 18, 'MELON': 5}
    our d12: crops=61 anim=13 quads=('NE', 'NW', 'SW') plants=61 mix={'WHEAT': 13, 'STRAWBERRY': 36, 'MELON': 12}
    our d16: crops=61 anim=13 quads=('NE', 'NW', 'SW') plants=61 mix={'WHEAT': 13, 'STRAWBERRY': 36, 'MELON': 12}
    END one-time still on field: [{'tile': [2, 0], 'crop': 'WHEAT', 'yield': 3, 'age': 4, 'planted_day': 25}, {'tile': [7, 1], 'crop': 'WHEAT', 'yield': 1, 'age': 1, 'planted_day': 28}, {'tile': [3, 2], 'crop': 'WHEAT', 'yield': 1, 'age': 1, 'planted_day': 28}, {'tile': [0, 8], 'crop': 'WHEAT', 'yield': 2, 'age': 3, 'planted_day': 26}, {'tile': [1, 8], 'crop': 'WHEAT', 'yield': 2, 'age': 3, 'planted_day': 26}, {'tile': [0, 9], 'crop': 'WHEAT', 'yield': 2, 'age': 3, 'planted_day': 26}, {'tile': [1, 9], 'crop': 'WHEAT', 'yield': 2, 'age': 3, 'planted_day': 26}, {'tile': [2, 9], 'crop': 'WHEAT', 'yield': 2, 'age': 3, 'planted_day': 26}, {'tile': [3, 9], 'crop': 'WHEAT', 'yield': 2, 'age': 3, 'planted_day': 26}]

[tetsu] farm fingerprint vs us (seed 1, both seats)
    seat0: us $102,351  tetsu $103,138  LOSS  delta -787
      d00 us c=0   a=0  q=NW       mix={}
           tet c=0   a=0  q=NW       mix={} jac=1.00 score=0 []
      d02 us c=10  a=5  q=NW       mix={'WHEAT': 5, 'MELON': 5}
           tet c=10  a=5  q=NW       mix={'WHEAT': 5, 'MELON': 5} jac=1.00 score=0 []
      d04 us c=14  a=5  q=NW       mix={'WHEAT': 6, 'MELON': 5, 'STRAWBERRY': 3}
           tet c=14  a=5  q=NW       mix={'WHEAT': 6, 'MELON': 5, 'STRAWBERRY': 3} jac=1.00 score=0 []
      d08 us c=33  a=10 q=NENW     mix={'WHEAT': 10, 'STRAWBERRY': 18, 'MELON': 5}
           tet c=32  a=10 q=NENW     mix={'WHEAT': 10, 'STRAWBERRY': 17, 'MELON': 5} jac=0.97 score=-2 ['crops28', 'mirror0.97']
      d12 us c=52  a=12 q=NENWSW   mix={'WHEAT': 12, 'STRAWBERRY': 29, 'MELON': 11}
           tet c=52  a=12 q=NENWSW   mix={'WHEAT': 13, 'STRAWBERRY': 28, 'MELON': 11} jac=0.96 score=7 ['crops40', '3quad', 'animBand', 'wheat']
      d16 us c=52  a=12 q=NENWSW   mix={'WHEAT': 12, 'STRAWBERRY': 29, 'MELON': 11}
           tet c=52  a=12 q=NENWSW   mix={'WHEAT': 13, 'STRAWBERRY': 28, 'MELON': 11} jac=0.96 score=7 ['crops40', '3quad', 'animBand', 'wheat']
      d20 us c=52  a=11 q=NENWSW   mix={'WHEAT': 15, 'STRAWBERRY': 26, 'MELON': 11}
           tet c=52  a=12 q=NENWSW   mix={'WHEAT': 16, 'STRAWBERRY': 25, 'MELON': 11} jac=0.96 score=7 ['crops40', '3quad', 'animBand', 'wheat']
      d29 us c=33  a=13 q=NENWSW   mix={'WHEAT': 33}
           tet c=33  a=13 q=NENWSW   mix={'WHEAT': 33} jac=1.00 score=9 ['crops28', '3quad', 'animBand', 'wheat', 'jac0.51']
    seat1: us $114,248  tetsu $114,403  LOSS  delta -155
      d00 us c=0   a=0  q=NW       mix={}
           tet c=0   a=0  q=NW       mix={} jac=1.00 score=0 []
      d02 us c=10  a=5  q=NW       mix={'WHEAT': 5, 'MELON': 5}
           tet c=10  a=5  q=NW       mix={'WHEAT': 5, 'MELON': 5} jac=1.00 score=0 []
      d04 us c=14  a=5  q=NW       mix={'WHEAT': 6, 'MELON': 5, 'STRAWBERRY': 3}
           tet c=14  a=5  q=NW       mix={'WHEAT': 6, 'MELON': 5, 'STRAWBERRY': 3} jac=1.00 score=0 []
      d08 us c=32  a=10 q=NENW     mix={'WHEAT': 10, 'STRAWBERRY': 17, 'MELON': 5}
           tet c=33  a=10 q=NENW     mix={'WHEAT': 10, 'STRAWBERRY': 18, 'MELON': 5} jac=0.97 score=-2 ['crops28', 'mirror1.00']
      d12 us c=52  a=13 q=NENWSW   mix={'WHEAT': 13, 'STRAWBERRY': 31, 'MELON': 8}
           tet c=53  a=12 q=NENWSW   mix={'WHEAT': 13, 'STRAWBERRY': 29, 'MELON': 11} jac=0.88 score=7 ['crops40', '3quad', 'animBand', 'wheat']
      d16 us c=52  a=13 q=NENWSW   mix={'WHEAT': 13, 'STRAWBERRY': 31, 'MELON': 8}
           tet c=53  a=12 q=NENWSW   mix={'WHEAT': 13, 'STRAWBERRY': 29, 'MELON': 11} jac=0.88 score=7 ['crops40', '3quad', 'animBand', 'wheat']
      d20 us c=51  a=14 q=NENWSW   mix={'WHEAT': 15, 'STRAWBERRY': 28, 'MELON': 8}
           tet c=53  a=12 q=NENWSW   mix={'WHEAT': 16, 'STRAWBERRY': 26, 'MELON': 11} jac=0.86 score=7 ['crops40', '3quad', 'animBand', 'wheat']
      d29 us c=32  a=14 q=NENWSW   mix={'WHEAT': 32}
           tet c=33  a=13 q=NENWSW   mix={'WHEAT': 33} jac=0.76 score=9 ['crops28', '3quad', 'animBand', 'wheat', 'jac0.52']

[three-fer] diagnose -> /home/user/kaggriculture/data/three_fer/diagnose.json

[three-fer] catalog=36 candidates
    BASE
    w1
    w2
    w1d27
    px
    py
    pzig
    pant
    c_tetsu_tomato
    c_seat1_tomato
    c_seat1_skipcow
    c_seat1_both
    w1+px
    w1+py
    w1+pzig
    w1+pant
    w2+px
    w2+py
    w2+pzig
    w2+pant
    w1d27+px
    w1d27+py
    w1d27+pzig
    w1d27+pant
    w1+c_tetsu_tomato
    w1+c_seat1_tomato
    w1+c_seat1_skipcow
    w1+c_seat1_both
    w2+c_tetsu_tomato
    w2+c_seat1_tomato
    w2+c_seat1_skipcow
    w2+c_seat1_both
    w1+px+c_tetsu_tomato
    w1+px+c_seat1_both
    w1+pzig+c_tetsu_tomato
    w1+pzig+c_seat1_both
    [no  ] w1                           PASS $167,978/$155,650 left=7u14 anim=13 | v18 -202 W 1/6 | tetsu -819 W 1/6 | 138.0s
    [no  ] BASE                         PASS $167,978/$155,650 left=7u14 anim=13 | v18 -202 W 1/6 | tetsu -819 W 1/6 | 140.6s
    [no  ] w2                           PASS $167,978/$155,650 left=7u14 anim=13 | v18 -202 W 1/6 | tetsu -819 W 1/6 | 96.4s
    [no  ] w1d27                        PASS $167,978/$155,650 left=7u14 anim=13 | v18 -202 W 1/6 | tetsu -819 W 1/6 | 95.4s
    [no  ] px                           PASS $167,978/$155,650 left=7u14 anim=13 | v18 -202 W 1/6 | tetsu -819 W 1/6 | 120.2s
    [no  ] py                           PASS $167,978/$155,650 left=7u14 anim=13 | v18 -202 W 1/6 | tetsu -819 W 1/6 | 119.4s
    [no  ] pzig                         PASS $167,978/$155,650 left=7u14 anim=13 | v18 -202 W 1/6 | tetsu -819 W 1/6 | 98.0s
    [no  ] pant                         PASS $167,978/$155,650 left=7u14 anim=13 | v18 -202 W 1/6 | tetsu -819 W 1/6 | 98.5s
    [no  ] c_tetsu_tomato               PASS $167,978/$155,650 left=7u14 anim=13 | v18 -7316 W 0/6 | tetsu -12005 W 0/6 | 139.6s
    [no  ] c_seat1_tomato               PASS $167,978/$155,650 left=7u14 anim=13 | v18 -202 W 1/6 | tetsu -819 W 1/6 | 140.5s
    [no  ] c_seat1_skipcow              PASS $167,978/$155,650 left=7u14 anim=13 | v18 -202 W 1/6 | tetsu -819 W 1/6 | 106.8s
    [no  ] c_seat1_both                 PASS $167,978/$155,650 left=7u14 anim=13 | v18 -202 W 1/6 | tetsu -819 W 1/6 | 106.2s
    [no  ] w1+px                        PASS $167,978/$155,650 left=7u14 anim=13 | v18 -202 W 1/6 | tetsu -819 W 1/6 | 95.7s
    [no  ] w1+py                        PASS $167,978/$155,650 left=7u14 anim=13 | v18 -202 W 1/6 | tetsu -819 W 1/6 | 95.8s
    [no  ] w1+pzig                      PASS $167,978/$155,650 left=7u14 anim=13 | v18 -202 W 1/6 | tetsu -819 W 1/6 | 97.9s
    [no  ] w1+pant                      PASS $167,978/$155,650 left=7u14 anim=13 | v18 -202 W 1/6 | tetsu -819 W 1/6 | 98.2s
    [no  ] w2+px                        PASS $167,978/$155,650 left=7u14 anim=13 | v18 -202 W 1/6 | tetsu -819 W 1/6 | 95.9s
    [no  ] w2+py                        PASS $167,978/$155,650 left=7u14 anim=13 | v18 -202 W 1/6 | tetsu -819 W 1/6 | 95.5s
    [no  ] w2+pzig                      PASS $167,978/$155,650 left=7u14 anim=13 | v18 -202 W 1/6 | tetsu -819 W 1/6 | 98.5s
    [no  ] w2+pant                      PASS $167,978/$155,650 left=7u14 anim=13 | v18 -202 W 1/6 | tetsu -819 W 1/6 | 98.8s
    [no  ] w1d27+px                     PASS $167,978/$155,650 left=7u14 anim=13 | v18 -202 W 1/6 | tetsu -819 W 1/6 | 103.2s
    [no  ] w1d27+py                     PASS $167,978/$155,650 left=7u14 anim=13 | v18 -202 W 1/6 | tetsu -819 W 1/6 | 101.6s
